# https://mathiasbynens.be/demo/url-regex
# these are not all interesting as they promote checking url for validity above inline linkifying

# SHOULD MATCH

<a href="http://foo.com/blah_blah">http://foo.com/blah_blah</a>
<a href="http://foo.com/blah_blah/">http://foo.com/blah_blah/</a>
<a href="http://foo.com/blah_blah_(wikipedia)">http://foo.com/blah_blah_(wikipedia)</a>
<a href="http://foo.com/blah_blah_(wikipedia)_(again)">http://foo.com/blah_blah_(wikipedia)_(again)</a>
<a href="http://www.example.com/wpstyle/?p=364">http://www.example.com/wpstyle/?p=364</a>
<a href="https://www.example.com/foo/?bar=baz&inga=42&quux">https://www.example.com/foo/?bar=baz&inga=42&quux</a>
<a href="http://✪df.ws/123">http://✪df.ws/123</a>
<a href="http://userid:password@example.com:8080">http://userid:password@example.com:8080</a>
<a href="http://userid:password@example.com:8080/">http://userid:password@example.com:8080/</a>
<a href="http://userid@example.com">http://userid@example.com</a>
<a href="http://userid@example.com/">http://userid@example.com/</a>
<a href="http://userid@example.com:8080">http://userid@example.com:8080</a>
<a href="http://userid@example.com:8080/">http://userid@example.com:8080/</a>
<a href="http://userid:password@example.com">http://userid:password@example.com</a>
<a href="http://userid:password@example.com/">http://userid:password@example.com/</a>
<a href="http://142.42.1.1/">http://142.42.1.1/</a>
<a href="http://142.42.1.1:8080/">http://142.42.1.1:8080/</a>
<a href="http://➡.ws/䨹">http://➡.ws/䨹</a>
<a href="http://⌘.ws">http://⌘.ws</a>
<a href="http://⌘.ws/">http://⌘.ws/</a>
<a href="http://foo.com/blah_(wikipedia)#cite-1">http://foo.com/blah_(wikipedia)#cite-1</a>
<a href="http://foo.com/blah_(wikipedia)_blah#cite-1">http://foo.com/blah_(wikipedia)_blah#cite-1</a>
<a href="http://foo.com/unicode_(✪)_in_parens">http://foo.com/unicode_(✪)_in_parens</a>
<a href="http://foo.com/(something)?after=parens">http://foo.com/(something)?after=parens</a>
<a href="http://☺.damowmow.com/">http://☺.damowmow.com/</a>
<a href="http://code.google.com/events/#&product=browser">http://code.google.com/events/#&product=browser</a>
<a href="http://j.mp">http://j.mp</a>
<a href="ftp://foo.bar/baz">ftp://foo.bar/baz</a>
<a href="http://foo.bar/?q=Test%20URL-encoded%20stuff">http://foo.bar/?q=Test%20URL-encoded%20stuff</a>
<a href="http://مثال.إختبار">http://مثال.إختبار</a>
<a href="http://例子.测试">http://例子.测试</a>
<a href="http://उदाहरण.परीक्षा">http://उदाहरण.परीक्षा</a>
<a href="http://-.~_!$&'()*+,;=:%40:80%2f::::::@example.com">http://-.~_!$&'()*+,;=:%40:80%2f::::::@example.com</a>
<a href="http://1337.net">http://1337.net</a>
<a href="http://a.b-c.de">http://a.b-c.de</a>
<a href="http://223.255.255.254">http://223.255.255.254</a>

# SHOULD NOT MATCH

http://
http://.
http://..
http://../
http://?
http://??
http://??/
http://#
http://##
http://##/
http://foo.bar?q=Spaces should be encoded
//
//a
///a
///
http:///a
foo.com
rdar://1234
h://test
http:// shouldfail.com
:// should fail
http://foo.bar/foo(bar)baz quux
ftps://foo.bar/
http://-error-.invalid/
http://a.b--c.de/
http://-a.b.co
http://a.b-.co
http://0.0.0.0
http://10.1.1.0
http://10.1.1.255
http://224.1.1.1
http://1.1.1.1.1
http://123.123.123
http://3628126748
http://.www.foo.bar/
http://www.foo.bar./
http://.www.foo.bar./
http://10.1.1.1
